// Jest Snapshot v1, https://goo.gl/fbAQLP

exports[`SommingSoon 1`] = `
<View
  accessibilityState={
    {
      "busy": undefined,
      "checked": undefined,
      "disabled": undefined,
      "expanded": undefined,
      "selected": undefined,
    }
  }
  accessibilityValue={
    {
      "max": undefined,
      "min": undefined,
      "now": undefined,
      "text": undefined,
    }
  }
  accessible={true}
  collapsable={false}
  focusable={false}
  onClick={[Function]}
  onResponderGrant={[Function]}
  onResponderMove={[Function]}
  onResponderRelease={[Function]}
  onResponderTerminate={[Function]}
  onResponderTerminationRequest={[Function]}
  onStartShouldSetResponder={[Function]}
  style={
    {
      "alignItems": "center",
      "alignSelf": "center",
      "display": "flex",
      "flexDirection": "column",
      "maxWidth": 200,
      "opacity": 1,
    }
  }
>
  <Text
    allowFontScaling={false}
    color="grey"
    fontFamily="Inter"
    fontSize={2}
    fontWeight={3}
    mt={8}
    style={
      [
        {
          "color": "#6D758E",
          "fontFamily": "Inter",
          "fontSize": 14,
          "fontWeight": "700",
          "marginTop": 32,
        },
      ]
    }
  >
    Coming soon
  </Text>
  <Text
    allowFontScaling={false}
    color="grey"
    fontFamily="Inter"
    fontSize={1}
    fontWeight={0}
    ml={3}
    mt={5}
    style={
      [
        {
          "color": "#6D758E",
          "fontFamily": "Inter",
          "fontSize": 12,
          "fontWeight": "400",
          "marginLeft": 8,
          "marginTop": 16,
        },
      ]
    }
  >
    Come back to this page, this feature will be available soon
  </Text>
</View>
`;
