// Jest Snapshot v1, https://goo.gl/fbAQLP

exports[`Note 1`] = `
<View
  accessibilityState={
    {
      "busy": undefined,
      "checked": undefined,
      "disabled": undefined,
      "expanded": undefined,
      "selected": undefined,
    }
  }
  accessibilityValue={
    {
      "max": undefined,
      "min": undefined,
      "now": undefined,
      "text": undefined,
    }
  }
  accessible={true}
  collapsable={false}
  focusable={false}
  onClick={[Function]}
  onResponderGrant={[Function]}
  onResponderMove={[Function]}
  onResponderRelease={[Function]}
  onResponderTerminate={[Function]}
  onResponderTerminationRequest={[Function]}
  onStartShouldSetResponder={[Function]}
  style={
    {
      "alignItems": "center",
      "alignSelf": "center",
      "display": "flex",
      "flexDirection": "column",
      "maxWidth": 200,
      "opacity": 1,
    }
  }
>
  <Text
    allowFontScaling={false}
    color="grey"
    fontFamily="Inter"
    fontSize={2}
    fontWeight={3}
    mt={8}
    style={
      [
        {
          "color": "#6D758E",
          "fontFamily": "Inter",
          "fontSize": 14,
          "fontWeight": "700",
          "marginTop": 32,
        },
      ]
    }
  >
    You donâ€™t have any document saved yet
  </Text>
  <View
    alignCenter={true}
    mt={5}
    style={
      [
        {
          "alignItems": "center",
          "flexDirection": "row",
          "marginTop": 16,
        },
      ]
    }
  >
    <Text
      allowFontScaling={false}
      color="grey"
      fontFamily="Inter"
      fontSize={1}
      fontWeight={0}
      ml={3}
      style={
        [
          {
            "color": "#6D758E",
            "fontFamily": "Inter",
            "fontSize": 12,
            "fontWeight": "400",
            "marginLeft": 8,
          },
        ]
      }
    >
      How to use documents?
    </Text>
  </View>
</View>
`;
