// Jest Snapshot v1, https://goo.gl/fbAQLP

exports[`Note 1`] = `
<View
  accessibilityState={
    {
      "busy": undefined,
      "checked": undefined,
      "disabled": undefined,
      "expanded": undefined,
      "selected": undefined,
    }
  }
  accessibilityValue={
    {
      "max": undefined,
      "min": undefined,
      "now": undefined,
      "text": undefined,
    }
  }
  accessible={true}
  collapsable={false}
  focusable={false}
  onClick={[Function]}
  onResponderGrant={[Function]}
  onResponderMove={[Function]}
  onResponderRelease={[Function]}
  onResponderTerminate={[Function]}
  onResponderTerminationRequest={[Function]}
  onStartShouldSetResponder={[Function]}
  style={
    {
      "alignItems": "center",
      "backgroundColor": "#FBFCFF",
      "borderColor": "#EFF5FF",
      "borderRadius": 16,
      "borderWidth": 1,
      "flexDirection": "row",
      "flexGrow": 1,
      "justifyContent": "space-between",
      "opacity": 1,
      "paddingBottom": 16,
      "paddingLeft": 16,
      "paddingRight": 16,
      "paddingTop": 16,
    }
  }
>
  <View
    style={
      [
        {
          "flexDirection": "column",
        },
      ]
    }
  />
  <View
    stretch={true}
    style={
      [
        {
          "flexBasis": 0,
          "flexDirection": "column",
          "flexGrow": 1,
          "flexShrink": 1,
        },
      ]
    }
  >
    <Text
      allowFontScaling={false}
      color="grey"
      fontFamily="Inter"
      fontSize={1}
      fontWeight={0}
      ml={5}
      style={
        [
          {
            "color": "#6D758E",
            "fontFamily": "Inter",
            "fontSize": 12,
            "fontWeight": "400",
            "marginLeft": 16,
          },
        ]
      }
    >
      Personal info
    </Text>
  </View>
</View>
`;
